ot2dz@192 ~ % adb logcat -v threadtime | grep "com.yousseffabric.ledger"

10-01 17:48:21.817  9515  9515 E AndroidRuntime: Process: com.yousseffabric.ledger, PID: 9515
10-01 17:48:21.817  9515  9515 E AndroidRuntime: java.lang.RuntimeException: Unable to instantiate activity ComponentInfo{com.yousseffabric.ledger/com.yousseffabric.ledger.MainActivity}: java.lang.ClassNotFoundException: Didn't find class "com.yousseffabric.ledger.MainActivity" on path: DexPathList[[zip file "/data/app/~~WZIeSFA76vWfiNU5CtlM4g==/com.yousseffabric.ledger-3A-U0KX5GiBvCaW5f5dJ1w==/base.apk"],nativeLibraryDirectories=[/data/app/~~WZIeSFA76vWfiNU5CtlM4g==/com.yousseffabric.ledger-3A-U0KX5GiBvCaW5f5dJ1w==/lib/arm64, /data/app/~~WZIeSFA76vWfiNU5CtlM4g==/com.yousseffabric.ledger-3A-U0KX5GiBvCaW5f5dJ1w==/base.apk!/lib/arm64-v8a, /system/lib64, /system_ext/lib64]]
10-01 17:48:21.817  9515  9515 E AndroidRuntime: Caused by: java.lang.ClassNotFoundException: Didn't find class "com.yousseffabric.ledger.MainActivity" on path: DexPathList[[zip file "/data/app/~~WZIeSFA76vWfiNU5CtlM4g==/com.yousseffabric.ledger-3A-U0KX5GiBvCaW5f5dJ1w==/base.apk"],nativeLibraryDirectories=[/data/app/~~WZIeSFA76vWfiNU5CtlM4g==/com.yousseffabric.ledger-3A-U0KX5GiBvCaW5f5dJ1w==/lib/arm64, /data/app/~~WZIeSFA76vWfiNU5CtlM4g==/com.yousseffabric.ledger-3A-U0KX5GiBvCaW5f5dJ1w==/base.apk!/lib/arm64-v8a, /system/lib64, /system_ext/lib64]]
10-01 17:48:22.769  9653  9653 E AndroidRuntime: Process: com.yousseffabric.ledger, PID: 9653
10-01 17:48:22.769  9653  9653 E AndroidRuntime: java.lang.RuntimeException: Unable to instantiate activity ComponentInfo{com.yousseffabric.ledger/com.yousseffabric.ledger.MainActivity}: java.lang.ClassNotFoundException: Didn't find class "com.yousseffabric.ledger.MainActivity" on path: DexPathList[[zip file "/data/app/~~WZIeSFA76vWfiNU5CtlM4g==/com.yousseffabric.ledger-3A-U0KX5GiBvCaW5f5dJ1w==/base.apk"],nativeLibraryDirectories=[/data/app/~~WZIeSFA76vWfiNU5CtlM4g==/com.yousseffabric.ledger-3A-U0KX5GiBvCaW5f5dJ1w==/lib/arm64, /data/app/~~WZIeSFA76vWfiNU5CtlM4g==/com.yousseffabric.ledger-3A-U0KX5GiBvCaW5f5dJ1w==/base.apk!/lib/arm64-v8a, /system/lib64, /system_ext/lib64]]
10-01 17:48:22.769  9653  9653 E AndroidRuntime: Caused by: java.lang.ClassNotFoundException: Didn't find class "com.yousseffabric.ledger.MainActivity" on path: DexPathList[[zip file "/data/app/~~WZIeSFA76vWfiNU5CtlM4g==/com.yousseffabric.ledger-3A-U0KX5GiBvCaW5f5dJ1w==/base.apk"],nativeLibraryDirectories=[/data/app/~~WZIeSFA76vWfiNU5CtlM4g==/com.yousseffabric.ledger-3A-U0KX5GiBvCaW5f5dJ1w==/lib/arm64, /data/app/~~WZIeSFA76vWfiNU5CtlM4g==/com.yousseffabric.ledger-3A-U0KX5GiBvCaW5f5dJ1w==/base.apk!/lib/arm64-v8a, /system/lib64, /system_ext/lib64]]
10-01 17:48:23.458  9743  9743 E AndroidRuntime: Process: com.yousseffabric.ledger, PID: 9743
10-01 17:48:23.458  9743  9743 E AndroidRuntime: java.lang.RuntimeException: Unable to instantiate activity ComponentInfo{com.yousseffabric.ledger/com.yousseffabric.ledger.MainActivity}: java.lang.ClassNotFoundException: Didn't find class "com.yousseffabric.ledger.MainActivity" on path: DexPathList[[zip file "/data/app/~~WZIeSFA76vWfiNU5CtlM4g==/com.yousseffabric.ledger-3A-U0KX5GiBvCaW5f5dJ1w==/base.apk"],nativeLibraryDirectories=[/data/app/~~WZIeSFA76vWfiNU5CtlM4g==/com.yousseffabric.ledger-3A-U0KX5GiBvCaW5f5dJ1w==/lib/arm64, /data/app/~~WZIeSFA76vWfiNU5CtlM4g==/com.yousseffabric.ledger-3A-U0KX5GiBvCaW5f5dJ1w==/base.apk!/lib/arm64-v8a, /system/lib64, /system_ext/lib64]]
10-01 17:48:23.458  9743  9743 E AndroidRuntime: Caused by: java.lang.ClassNotFoundException: Didn't find class "com.yousseffabric.ledger.MainActivity" on path: DexPathList[[zip file "/data/app/~~WZIeSFA76vWfiNU5CtlM4g==/com.yousseffabric.ledger-3A-U0KX5GiBvCaW5f5dJ1w==/base.apk"],nativeLibraryDirectories=[/data/app/~~WZIeSFA76vWfiNU5CtlM4g==/com.yousseffabric.ledger-3A-U0KX5GiBvCaW5f5dJ1w==/lib/arm64, /data/app/~~WZIeSFA76vWfiNU5CtlM4g==/com.yousseffabric.ledger-3A-U0KX5GiBvCaW5f5dJ1w==/base.apk!/lib/arm64-v8a, /system/lib64, /system_ext/lib64]]
10-01 17:48:24.034  9796  9796 E AndroidRuntime: Process: com.yousseffabric.ledger, PID: 9796
10-01 17:48:24.034  9796  9796 E AndroidRuntime: java.lang.RuntimeException: Unable to instantiate activity ComponentInfo{com.yousseffabric.ledger/com.yousseffabric.ledger.MainActivity}: java.lang.ClassNotFoundException: Didn't find class "com.yousseffabric.ledger.MainActivity" on path: DexPathList[[zip file "/data/app/~~WZIeSFA76vWfiNU5CtlM4g==/com.yousseffabric.ledger-3A-U0KX5GiBvCaW5f5dJ1w==/base.apk"],nativeLibraryDirectories=[/data/app/~~WZIeSFA76vWfiNU5CtlM4g==/com.yousseffabric.ledger-3A-U0KX5GiBvCaW5f5dJ1w==/lib/arm64, /data/app/~~WZIeSFA76vWfiNU5CtlM4g==/com.yousseffabric.ledger-3A-U0KX5GiBvCaW5f5dJ1w==/base.apk!/lib/arm64-v8a, /system/lib64, /system_ext/lib64]]
10-01 17:48:24.034  9796  9796 E AndroidRuntime: Caused by: java.lang.ClassNotFoundException: Didn't find class "com.yousseffabric.ledger.MainActivity" on path: DexPathList[[zip file "/data/app/~~WZIeSFA76vWfiNU5CtlM4g==/com.yousseffabric.ledger-3A-U0KX5GiBvCaW5f5dJ1w==/base.apk"],nativeLibraryDirectories=[/data/app/~~WZIeSFA76vWfiNU5CtlM4g==/com.yousseffabric.ledger-3A-U0KX5GiBvCaW5f5dJ1w==/lib/arm64, /data/app/~~WZIeSFA76vWfiNU5CtlM4g==/com.yousseffabric.ledger-3A-U0KX5GiBvCaW5f5dJ1w==/base.apk!/lib/arm64-v8a, /system/lib64, /system_ext/lib64]]
10-01 17:48:24.617  9851  9851 E AndroidRuntime: Process: com.yousseffabric.ledger, PID: 9851
10-01 17:48:24.617  9851  9851 E AndroidRuntime: java.lang.RuntimeException: Unable to instantiate activity ComponentInfo{com.yousseffabric.ledger/com.yousseffabric.ledger.MainActivity}: java.lang.ClassNotFoundException: Didn't find class "com.yousseffabric.ledger.MainActivity" on path: DexPathList[[zip file "/data/app/~~WZIeSFA76vWfiNU5CtlM4g==/com.yousseffabric.ledger-3A-U0KX5GiBvCaW5f5dJ1w==/base.apk"],nativeLibraryDirectories=[/data/app/~~WZIeSFA76vWfiNU5CtlM4g==/com.yousseffabric.ledger-3A-U0KX5GiBvCaW5f5dJ1w==/lib/arm64, /data/app/~~WZIeSFA76vWfiNU5CtlM4g==/com.yousseffabric.ledger-3A-U0KX5GiBvCaW5f5dJ1w==/base.apk!/lib/arm64-v8a, /system/lib64, /system_ext/lib64]]
10-01 17:48:24.617  9851  9851 E AndroidRuntime: Caused by: java.lang.ClassNotFoundException: Didn't find class "com.yousseffabric.ledger.MainActivity" on path: DexPathList[[zip file "/data/app/~~WZIeSFA76vWfiNU5CtlM4g==/com.yousseffabric.ledger-3A-U0KX5GiBvCaW5f5dJ1w==/base.apk"],nativeLibraryDirectories=[/data/app/~~WZIeSFA76vWfiNU5CtlM4g==/com.yousseffabric.ledger-3A-U0KX5GiBvCaW5f5dJ1w==/lib/arm64, /data/app/~~WZIeSFA76vWfiNU5CtlM4g==/com.yousseffabric.ledger-3A-U0KX5GiBvCaW5f5dJ1w==/base.apk!/lib/arm64-v8a, /system/lib64, /system_ext/lib64]]
10-01 17:48:25.183  9902  9902 E AndroidRuntime: Process: com.yousseffabric.ledger, PID: 9902
10-01 17:48:25.183  9902  9902 E AndroidRuntime: java.lang.RuntimeException: Unable to instantiate activity ComponentInfo{com.yousseffabric.ledger/com.yousseffabric.ledger.MainActivity}: java.lang.ClassNotFoundException: Didn't find class "com.yousseffabric.ledger.MainActivity" on path: DexPathList[[zip file "/data/app/~~WZIeSFA76vWfiNU5CtlM4g==/com.yousseffabric.ledger-3A-U0KX5GiBvCaW5f5dJ1w==/base.apk"],nativeLibraryDirectories=[/data/app/~~WZIeSFA76vWfiNU5CtlM4g==/com.yousseffabric.ledger-3A-U0KX5GiBvCaW5f5dJ1w==/lib/arm64, /data/app/~~WZIeSFA76vWfiNU5CtlM4g==/com.yousseffabric.ledger-3A-U0KX5GiBvCaW5f5dJ1w==/base.apk!/lib/arm64-v8a, /system/lib64, /system_ext/lib64]]
10-01 17:48:25.183  9902  9902 E AndroidRuntime: Caused by: java.lang.ClassNotFoundException: Didn't find class "com.yousseffabric.ledger.MainActivity" on path: DexPathList[[zip file "/data/app/~~WZIeSFA76vWfiNU5CtlM4g==/com.yousseffabric.ledger-3A-U0KX5GiBvCaW5f5dJ1w==/base.apk"],nativeLibraryDirectories=[/data/app/~~WZIeSFA76vWfiNU5CtlM4g==/com.yousseffabric.ledger-3A-U0KX5GiBvCaW5f5dJ1w==/lib/arm64, /data/app/~~WZIeSFA76vWfiNU5CtlM4g==/com.yousseffabric.ledger-3A-U0KX5GiBvCaW5f5dJ1w==/base.apk!/lib/arm64-v8a, /system/lib64, /system_ext/lib64]]
10-01 17:48:25.808  9947  9947 E AndroidRuntime: Process: com.yousseffabric.ledger, PID: 9947
10-01 17:48:25.808  9947  9947 E AndroidRuntime: java.lang.RuntimeException: Unable to instantiate activity ComponentInfo{com.yousseffabric.ledger/com.yousseffabric.ledger.MainActivity}: java.lang.ClassNotFoundException: Didn't find class "com.yousseffabric.ledger.MainActivity" on path: DexPathList[[zip file "/data/app/~~WZIeSFA76vWfiNU5CtlM4g==/com.yousseffabric.ledger-3A-U0KX5GiBvCaW5f5dJ1w==/base.apk"],nativeLibraryDirectories=[/data/app/~~WZIeSFA76vWfiNU5CtlM4g==/com.yousseffabric.ledger-3A-U0KX5GiBvCaW5f5dJ1w==/lib/arm64, /data/app/~~WZIeSFA76vWfiNU5CtlM4g==/com.yousseffabric.ledger-3A-U0KX5GiBvCaW5f5dJ1w==/base.apk!/lib/arm64-v8a, /system/lib64, /system_ext/lib64]]
10-01 17:48:25.808  9947  9947 E AndroidRuntime: Caused by: java.lang.ClassNotFoundException: Didn't find class "com.yousseffabric.ledger.MainActivity" on path: DexPathList[[zip file "/data/app/~~WZIeSFA76vWfiNU5CtlM4g==/com.yousseffabric.ledger-3A-U0KX5GiBvCaW5f5dJ1w==/base.apk"],nativeLibraryDirectories=[/data/app/~~WZIeSFA76vWfiNU5CtlM4g==/com.yousseffabric.ledger-3A-U0KX5GiBvCaW5f5dJ1w==/lib/arm64, /data/app/~~WZIeSFA76vWfiNU5CtlM4g==/com.yousseffabric.ledger-3A-U0KX5GiBvCaW5f5dJ1w==/base.apk!/lib/arm64-v8a, /system/lib64, /system_ext/lib64]]
10-01 17:48:26.423  9992  9992 E AndroidRuntime: Process: com.yousseffabric.ledger, PID: 9992
10-01 17:48:26.423  9992  9992 E AndroidRuntime: java.lang.RuntimeException: Unable to instantiate activity ComponentInfo{com.yousseffabric.ledger/com.yousseffabric.ledger.MainActivity}: java.lang.ClassNotFoundException: Didn't find class "com.yousseffabric.ledger.MainActivity" on path: DexPathList[[zip file "/data/app/~~WZIeSFA76vWfiNU5CtlM4g==/com.yousseffabric.ledger-3A-U0KX5GiBvCaW5f5dJ1w==/base.apk"],nativeLibraryDirectories=[/data/app/~~WZIeSFA76vWfiNU5CtlM4g==/com.yousseffabric.ledger-3A-U0KX5GiBvCaW5f5dJ1w==/lib/arm64, /data/app/~~WZIeSFA76vWfiNU5CtlM4g==/com.yousseffabric.ledger-3A-U0KX5GiBvCaW5f5dJ1w==/base.apk!/lib/arm64-v8a, /system/lib64, /system_ext/lib64]]
10-01 17:48:26.423  9992  9992 E AndroidRuntime: Caused by: java.lang.ClassNotFoundException: Didn't find class "com.yousseffabric.ledger.MainActivity" on path: DexPathList[[zip file "/data/app/~~WZIeSFA76vWfiNU5CtlM4g==/com.yousseffabric.ledger-3A-U0KX5GiBvCaW5f5dJ1w==/base.apk"],nativeLibraryDirectories=[/data/app/~~WZIeSFA76vWfiNU5CtlM4g==/com.yousseffabric.ledger-3A-U0KX5GiBvCaW5f5dJ1w==/lib/arm64, /data/app/~~WZIeSFA76vWfiNU5CtlM4g==/com.yousseffabric.ledger-3A-U0KX5GiBvCaW5f5dJ1w==/base.apk!/lib/arm64-v8a, /system/lib64, /system_ext/lib64]]
10-01 17:48:27.040 10046 10046 E AndroidRuntime: Process: com.yousseffabric.ledger, PID: 10046
10-01 17:48:27.040 10046 10046 E AndroidRuntime: java.lang.RuntimeException: Unable to instantiate activity ComponentInfo{com.yousseffabric.ledger/com.yousseffabric.ledger.MainActivity}: java.lang.ClassNotFoundException: Didn't find class "com.yousseffabric.ledger.MainActivity" on path: DexPathList[[zip file "/data/app/~~WZIeSFA76vWfiNU5CtlM4g==/com.yousseffabric.ledger-3A-U0KX5GiBvCaW5f5dJ1w==/base.apk"],nativeLibraryDirectories=[/data/app/~~WZIeSFA76vWfiNU5CtlM4g==/com.yousseffabric.ledger-3A-U0KX5GiBvCaW5f5dJ1w==/lib/arm64, /data/app/~~WZIeSFA76vWfiNU5CtlM4g==/com.yousseffabric.ledger-3A-U0KX5GiBvCaW5f5dJ1w==/base.apk!/lib/arm64-v8a, /system/lib64, /system_ext/lib64]]
10-01 17:48:27.040 10046 10046 E AndroidRuntime: Caused by: java.lang.ClassNotFoundException: Didn't find class "com.yousseffabric.ledger.MainActivity" on path: DexPathList[[zip file "/data/app/~~WZIeSFA76vWfiNU5CtlM4g==/com.yousseffabric.ledger-3A-U0KX5GiBvCaW5f5dJ1w==/base.apk"],nativeLibraryDirectories=[/data/app/~~WZIeSFA76vWfiNU5CtlM4g==/com.yousseffabric.ledger-3A-U0KX5GiBvCaW5f5dJ1w==/lib/arm64, /data/app/~~WZIeSFA76vWfiNU5CtlM4g==/com.yousseffabric.ledger-3A-U0KX5GiBvCaW5f5dJ1w==/base.apk!/lib/arm64-v8a, /system/lib64, /system_ext/lib64]]
10-01 17:48:28.050 10086 10086 E AndroidRuntime: Process: com.yousseffabric.ledger, PID: 10086
10-01 17:48:28.050 10086 10086 E AndroidRuntime: java.lang.RuntimeException: Unable to instantiate activity ComponentInfo{com.yousseffabric.ledger/com.yousseffabric.ledger.MainActivity}: java.lang.ClassNotFoundException: Didn't find class "com.yousseffabric.ledger.MainActivity" on path: DexPathList[[zip file "/data/app/~~WZIeSFA76vWfiNU5CtlM4g==/com.yousseffabric.ledger-3A-U0KX5GiBvCaW5f5dJ1w==/base.apk"],nativeLibraryDirectories=[/data/app/~~WZIeSFA76vWfiNU5CtlM4g==/com.yousseffabric.ledger-3A-U0KX5GiBvCaW5f5dJ1w==/lib/arm64, /data/app/~~WZIeSFA76vWfiNU5CtlM4g==/com.yousseffabric.ledger-3A-U0KX5GiBvCaW5f5dJ1w==/base.apk!/lib/arm64-v8a, /system/lib64, /system_ext/lib64]]
10-01 17:48:28.050 10086 10086 E AndroidRuntime: Caused by: java.lang.ClassNotFoundException: Didn't find class "com.yousseffabric.ledger.MainActivity" on path: DexPathList[[zip file "/data/app/~~WZIeSFA76vWfiNU5CtlM4g==/com.yousseffabric.ledger-3A-U0KX5GiBvCaW5f5dJ1w==/base.apk"],nativeLibraryDirectories=[/data/app/~~WZIeSFA76vWfiNU5CtlM4g==/com.yousseffabric.ledger-3A-U0KX5GiBvCaW5f5dJ1w==/lib/arm64, /data/app/~~WZIeSFA76vWfiNU5CtlM4g==/com.yousseffabric.ledger-3A-U0KX5GiBvCaW5f5dJ1w==/base.apk!/lib/arm64-v8a, /system/lib64, /system_ext/lib64]]
10-01 17:48:28.968 10131 10131 E AndroidRuntime: Process: com.yousseffabric.ledger, PID: 10131
10-01 17:48:28.968 10131 10131 E AndroidRuntime: java.lang.RuntimeException: Unable to instantiate activity ComponentInfo{com.yousseffabric.ledger/com.yousseffabric.ledger.MainActivity}: java.lang.ClassNotFoundException: Didn't find class "com.yousseffabric.ledger.MainActivity" on path: DexPathList[[zip file "/data/app/~~WZIeSFA76vWfiNU5CtlM4g==/com.yousseffabric.ledger-3A-U0KX5GiBvCaW5f5dJ1w==/base.apk"],nativeLibraryDirectories=[/data/app/~~WZIeSFA76vWfiNU5CtlM4g==/com.yousseffabric.ledger-3A-U0KX5GiBvCaW5f5dJ1w==/lib/arm64, /data/app/~~WZIeSFA76vWfiNU5CtlM4g==/com.yousseffabric.ledger-3A-U0KX5GiBvCaW5f5dJ1w==/base.apk!/lib/arm64-v8a, /system/lib64, /system_ext/lib64]]
10-01 17:48:28.968 10131 10131 E AndroidRuntime: Caused by: java.lang.ClassNotFoundException: Didn't find class "com.yousseffabric.ledger.MainActivity" on path: DexPathList[[zip file "/data/app/~~WZIeSFA76vWfiNU5CtlM4g==/com.yousseffabric.ledger-3A-U0KX5GiBvCaW5f5dJ1w==/base.apk"],nativeLibraryDirectories=[/data/app/~~WZIeSFA76vWfiNU5CtlM4g==/com.yousseffabric.ledger-3A-U0KX5GiBvCaW5f5dJ1w==/lib/arm64, /data/app/~~WZIeSFA76vWfiNU5CtlM4g==/com.yousseffabric.ledger-3A-U0KX5GiBvCaW5f5dJ1w==/base.apk!/lib/arm64-v8a, /system/lib64, /system_ext/lib64]]
10-01 19:50:04.006 32359 32359 E AndroidRuntime: Process: com.yousseffabric.ledger, PID: 32359
10-01 19:50:04.006 32359 32359 E AndroidRuntime: java.lang.RuntimeException: Unable to instantiate activity ComponentInfo{com.yousseffabric.ledger/com.yousseffabric.ledger.MainActivity}: java.lang.ClassNotFoundException: Didn't find class "com.yousseffabric.ledger.MainActivity" on path: DexPathList[[zip file "/data/app/~~WZIeSFA76vWfiNU5CtlM4g==/com.yousseffabric.ledger-3A-U0KX5GiBvCaW5f5dJ1w==/base.apk"],nativeLibraryDirectories=[/data/app/~~WZIeSFA76vWfiNU5CtlM4g==/com.yousseffabric.ledger-3A-U0KX5GiBvCaW5f5dJ1w==/lib/arm64, /data/app/~~WZIeSFA76vWfiNU5CtlM4g==/com.yousseffabric.ledger-3A-U0KX5GiBvCaW5f5dJ1w==/base.apk!/lib/arm64-v8a, /system/lib64, /system_ext/lib64]]
10-01 19:50:04.006 32359 32359 E AndroidRuntime: Caused by: java.lang.ClassNotFoundException: Didn't find class "com.yousseffabric.ledger.MainActivity" on path: DexPathList[[zip file "/data/app/~~WZIeSFA76vWfiNU5CtlM4g==/com.yousseffabric.ledger-3A-U0KX5GiBvCaW5f5dJ1w==/base.apk"],nativeLibraryDirectories=[/data/app/~~WZIeSFA76vWfiNU5CtlM4g==/com.yousseffabric.ledger-3A-U0KX5GiBvCaW5f5dJ1w==/lib/arm64, /data/app/~~WZIeSFA76vWfiNU5CtlM4g==/com.yousseffabric.ledger-3A-U0KX5GiBvCaW5f5dJ1w==/base.apk!/lib/arm64-v8a, /system/lib64, /system_ext/lib64]]
10-04 18:24:32.299  3705  4407 I iopgp   : Iopgp: TRANSACTION_IOPGP_PRELOAD Sequence_id = 1000 pkg_name = com.yousseffabric.ledger uid = 10565 size = 1 isProfile = 1
10-04 18:24:32.376  2198  3509 E OplusAppQuickStart_AppQuickStartController: notifyStartActivity intent:Intent { act=android.intent.action.MAIN cat=[android.intent.category.LAUNCHER] flg=0x10200000 cmp=com.yousseffabric.ledger/.MainActivity bnds=[518,1863][759,2192] (has extras) }
10-04 18:24:32.381  3705  4407 I iopgp   : Iopgp: TRANSACTION_IOPGP_ON_INTENT_STARTED sequence_id = 1000 pkg_name = com.yousseffabric.ledger class_name = com.yousseffabric.ledger.MainActivity isCanTrace = 1
10-04 18:24:32.386  2198  3509 D WindowManager: NFW_setClientVisible:ActivityRecord{1e1a3ee u0 com.yousseffabric.ledger/.MainActivity clientVisible:true
10-04 18:24:32.388  2198  3509 D OplusCompatModeManagerService: getRequestedConfigurationOrientation  res:0,req:-1,config.old:0,config.new:0,ActivityRecord{1e1a3ee u0 com.yousseffabric.ledger/.MainActivity t-1}
10-04 18:24:32.388  2198  3509 D OplusCompatModeManagerService:  ar : ActivityRecord{1e1a3ee u0 com.yousseffabric.ledger/.MainActivity t-1} displayId:-1 inCompatMode: false
10-04 18:24:32.389  2198  3509 D FlexibleTaskController: isSupportFlexibleWindow target = com.yousseffabric.ledger/.MainActivity callPkg = FlexibleTaskController support = true ,caller = 2198
10-04 18:24:32.389  2198  3509 D FlexibleTaskController: isSupportFlexibleWindow target = com.yousseffabric.ledger/.MainActivity callPkg = FlexibleTaskController support = true ,caller = 2198
10-04 18:24:32.389  2198  3509 D FlexibleWindowManagerService: no reused task found for ActivityRecord{1e1a3ee u0 com.yousseffabric.ledger/.MainActivity t-1}
10-04 18:24:32.390  2198  3637 I OPM     : handleActivityStart : ActivityRecord{1e1a3ee u0 com.yousseffabric.ledger/.MainActivity t-1}
10-04 18:24:32.398  2198  3509 D OplusCompatModeManagerService: getRequestedConfigurationOrientation  res:0,req:-1,config.old:0,config.new:1,ActivityRecord{1e1a3ee u0 com.yousseffabric.ledger/.MainActivity t19189}
10-04 18:24:32.398  2198  3509 D OplusCompatModeManagerService:  ar : ActivityRecord{1e1a3ee u0 com.yousseffabric.ledger/.MainActivity t19189} displayId:0 inCompatMode: false
10-04 18:24:32.400  2198  3509 D ActivityTaskManager: validateStartingWindowTheme:  Pkg=com.yousseffabric.ledger, Translucent=false, Floating=false, ShowWallpaper=false, Disable=false, LaunchSource=2, Prev=null, LaunchedFromPackage=com.android.launcher
10-04 18:24:32.400  2198  3509 D OplusAlwaysAliveManager: save launch theme 0x7f0f00a2 for Task{24810fa #19189 type=standard I=com.yousseffabric.ledger/.MainActivity}, act=com.android.server.wm.OplusAlwaysAliveManager@4a26b9a
10-04 18:24:32.400  2198  3509 D ActivityTaskManager: addStartingWindow for ActivityRecord{1e1a3ee u0 com.yousseffabric.ledger/.MainActivity t19189}, mainWin=null, state=INITIALIZING, isKeyguardLocked=false, isKeyguardGoingAway=false
10-04 18:24:32.400  2198  3509 D OplusAppQuickStart_OplusAppQuickStart: isInRemoteInterrupt isInInterruptScene:false, recents=null, ar=ActivityRecord{1e1a3ee u0 com.yousseffabric.ledger/.MainActivity t19189}
10-04 18:24:32.401  2198  3509 D OplusAppQuickStart_AppQuickStartingSurface: createSplashScreenSurface reuse: Surface(name=OplusStartingSurface)/@0x8d6f287, @parent:null, @request:Task{24810fa #19189 type=standard I=com.yousseffabric.ledger/.MainActivity}Rect(0, 0 - 1264, 2780), @type:2, shared:false
10-04 18:24:32.402  2198  3509 D OplusAppQuickStart_AppQuickStartingSurface: create STARTING_WINDOW_TYPE_SPLASH_SCREEN with bitmap: ActivityRecord{1e1a3ee u0 com.yousseffabric.ledger/.MainActivity t19189}
10-04 18:24:32.402  2198  3509 D OplusAppQuickStart_AppQuickStartingSurface: init startingSurface syncTransition=false, applyImmediately: true, tx: 9440341910648, surface: Surface(name=OplusStartingSurface)/@0x8d6f287, @parent:Surface(name=Task=19189)/@0xcd495b4, @request:Task{24810fa #19189 type=standard I=com.yousseffabric.ledger/.MainActivity}Rect(0, 0 - 1264, 2780), @type:2, shared:false
10-04 18:24:32.402  2198  3509 D TaskOrganizerController: TaskOrganizerController.addStartingWindow: call wmshell to addStartingWindow ActivityRecord{1e1a3ee u0 com.yousseffabric.ledger/.MainActivity t19189}
10-04 18:24:32.403  2198  3509 D TaskFragmentExtImpl: shouldDeferResumeUntilRecentsAnimFinished prev=ActivityRecord{1e1a3ee u0 com.yousseffabric.ledger/.MainActivity t19189}, next=ActivityRecord{1e1a3ee u0 com.yousseffabric.ledger/.MainActivity t19189}, task=Task{24810fa #19189 type=standard I=com.yousseffabric.ledger/.MainActivity}
10-04 18:24:32.403  2198  3509 D OplusAppQuickStart_AppQuickStartController: shouldPauseImmediately prev:ActivityRecord{6ad4e40 u0 com.android.launcher/.Launcher t5} resume:ActivityRecord{1e1a3ee u0 com.yousseffabric.ledger/.MainActivity t19189}
10-04 18:24:32.404  2198  3509 D TaskFragmentExtImpl: shouldDeferResumeUntilRecentsAnimFinished prev=ActivityRecord{6ad4e40 u0 com.android.launcher/.Launcher t5}, next=ActivityRecord{1e1a3ee u0 com.yousseffabric.ledger/.MainActivity t19189}, task=Task{f29b059 #5 type=undefined I=com.android.launcher/.Launcher}
10-04 18:24:32.404  2198  3509 D ActivityTaskManager: setAppVisibility(Token{fd57108 ActivityRecord{1e1a3ee u0 com.yousseffabric.ledger/.MainActivity t19189}}, visible=true): mNextAppTransitionRequests=[], mNextAppTransitionFlags=,mAppTransitionState=APP_STATE_IDLE visible=false mVisibleRequested=false
10-04 18:24:32.404  2198  3509 D ActivityTaskManager: setVisibility(Token{fd57108 ActivityRecord{1e1a3ee u0 com.yousseffabric.ledger/.MainActivity t19189}}, visible=true) defer commitVisibility for transition collecting
10-04 18:24:32.405  2198  3509 I AppsFilter: interaction: PackageSetting{165703e com.ot2dz.TaxiAppDriver/10513} -> PackageSetting{b50e74c com.yousseffabric.ledger/10565} BLOCKED
10-04 18:24:32.405  2198  3509 I AppsFilter: interaction: PackageSetting{4bab5ee com.android.microdroid.empty_payload/10271} -> PackageSetting{b50e74c com.yousseffabric.ledger/10565} BLOCKED
10-04 18:24:32.405  2198  3509 I AppsFilter: interaction: PackageSetting{f386bec com.ot2dz.taksicustomerapp/10524} -> PackageSetting{b50e74c com.yousseffabric.ledger/10565} BLOCKED
10-04 18:24:32.405  2198  3509 I AppsFilter: interaction: PackageSetting{27de11c com.oplus.locationproxy/10168} -> PackageSetting{b50e74c com.yousseffabric.ledger/10565} BLOCKED
10-04 18:24:32.405  2198  3509 I AppsFilter: interaction: PackageSetting{215f308 com.android.certinstaller/10219} -> PackageSetting{b50e74c com.yousseffabric.ledger/10565} BLOCKED
10-04 18:24:32.406  2198  3509 I AppsFilter: interaction: PackageSetting{1857cd9 com.oplus.location/10240} -> PackageSetting{b50e74c com.yousseffabric.ledger/10565} BLOCKED
10-04 18:24:32.406  2198  3509 I OplusHansManager : front pkg: com.yousseffabric.ledger, uid: 10565, prev pkg: com.android.launcher, prev uid: 10211
10-04 18:24:32.406  2198  3509 D RefreshRate: Trigger app switch boost, ar=ActivityRecord{1e1a3ee u0 com.yousseffabric.ledger/.MainActivity t19189},currDisplayRate=120.00001,boostId=3
10-04 18:24:32.406  2198  3624 D NativeFreezeManager: freezeForAppSwitchScene mAppLaunchFzDxEnable enter, mFgAppPkgname com.yousseffabric.ledger
10-04 18:24:32.407  2198  2927 I [UAH_CLIENT]: UahEventAcquire, cmdid:1, pkg:com.yousseffabric.ledger, identity:com.android.server.wm
10-04 18:24:32.408  2198  3509 D ActivityTaskManager: notifyTaskAdded, task: Task{24810fa #19189 type=standard I=com.yousseffabric.ledger/.MainActivity} trace:com.android.server.wm.RecentTasks.add:1368 com.android.server.wm.ActivityStarter.startActivityInner:2691 com.android.server.wm.ActivityStarter.startActivityUnchecked:1914 com.android.server.wm.ActivityStarter.executeRequest:1656 com.android.server.wm.ActivityStarter.execute:913 
10-04 18:24:32.409  2198  3241 I Osense-BaseDecisionMaker: notifySceneToAthenaPolicy: SCENE_APP_SWITCH, bundle: Bundle[{prevPkgName=com.android.launcher, curUid=10565, isGame=false, curPkgName=com.yousseffabric.ledger, prevUid=10211}]
10-04 18:24:32.410  2198  3509 D FlexibleWindowManagerService: should not dispatch appeared task Task{24810fa #19189 type=standard I=com.yousseffabric.ledger/.MainActivity}
10-04 18:24:32.410  2198  3509 I ActivityTaskManager: START u0 {act=android.intent.action.MAIN cat=[android.intent.category.LAUNCHER] flg=0x10200000 cmp=com.yousseffabric.ledger/.MainActivity bnds=[518,1863][759,2192] (has extras) mCallingUid=10211} with LAUNCH_SINGLE_TOP from uid 10211 (BAL_ALLOW_VISIBLE_WINDOW) result code=0
10-04 18:24:32.411  2198 17772 I PowerHalWrapper: amsBoostProcessCreate package:com.yousseffabric.ledger 
10-04 18:24:32.412  2198  3090 D OFSD    : AppStatus - IntegratedData{mResId=13, mTime=1759598672406, mInfo=Bundle[{prevPkgName=com.android.launcher, curUid=10565, isGame=false, curPkgName=com.yousseffabric.ledger, prevUid=10211, type=fast, level=1, scene=SCENE_APP_SWITCH, requestId=91359}]}
10-04 18:24:32.412  2198  3637 I OPM-Process: resume pkg: com.yousseffabric.ledger, uid:10565, prev pkg: com.android.launcher, prev uid: 10211
10-04 18:24:32.413  3087  3180 V WindowManagerShell: Transition requested (#39984): android.os.BinderProxy@fb2b459 TransitionRequestInfo { type = OPEN, triggerTask = TaskInfo{userId=0 taskId=19189 displayId=0 isRunning=true baseIntent=Intent { act=android.intent.action.MAIN cat=[android.intent.category.LAUNCHER] flg=0x10200000 cmp=com.yousseffabric.ledger/.MainActivity mCallingUid=10211 } baseActivity=ComponentInfo{com.yousseffabric.ledger/com.yousseffabric.ledger.MainActivity} topActivity=ComponentInfo{com.yousseffabric.ledger/com.yousseffabric.ledger.MainActivity} origActivity=null realActivity=ComponentInfo{com.yousseffabric.ledger/com.yousseffabric.ledger.MainActivity} numActivities=1 lastActiveTime=2214110076 supportsSplitScreenMultiWindow=true supportsMultiWindow=true supportsPocketStudioMultiWindow=true isInFlexibleEmbedded = false uid = 10565 pid = 0 resizeMode=1 isResizeable=true minWidth=-1 minHeight=-1 defaultMinSize=220 token=WCT{android.window.IWindowContainerToken$Stub$Proxy@7e0181e} topActivityType=1 pictureInPictureParams=null shouldDockBigOverlays=false launchIntoPipHostTaskId=-1 lastParentTaskIdBeforePip=-1 displayCutoutSafeInsets=Rect(0, 140 - 0, 0) topActivityInfo=ActivityInfo{6f798ff com.yousseffabric.ledger.MainActivity} launchCookies=[android.os.BinderProxy@fd14534] positionInParent=Point(0, 0) parentTaskId=-1 isFocused=false isVisible=false isVisibleRequested=true isSleeping=false locusId=null displayAreaFeatureId=1 isTopActivityTransparent=false appCompatTaskInfo=AppCompatTaskInfo { topActivityInSizeCompat=false topActivityInOplusCompatMode=false topActivityEligibleForLetterboxEducation= falseisLetterboxEducationEnabled= false isLetterboxDoubleTapEnabled= false topActivityEligibleForUserAspectRatioButton= false topActivityBoundsLetterboxed= false isFromLetterboxDoubleTap= false topActivityLetterboxVerticalPosition= -1 topActivityLetterboxHorizontalPosition= -1 topActivityLetterboxWidth=1264 topActivityLetterboxHeight=2780 isUserFullscreenOverrideEnabled=false isSystemFullscreenOverrideEnabled=false cameraCompatTaskInfo=CameraCompatTaskInfo { cameraCompatControlState=hidden freeformCameraCompatMode=inactive}} topActivityLetterboxInsets=Rect(0, 0 - 0, 0) mOplusExtraBundle = Bundle[mParcelledData.dataSize=1032]}, pipTask = null, remoteTransition = RemoteTransition { remoteTransition = android.window.IRemoteTransition$Stub$Proxy@c4406cc, recentAnimRunner = null, appThread = android.app.IApplicationThread$Stub$Proxy@d13d15, debugName = QuickstepLaunch }, displayChange = null, flags = 0, debugId = 39984 }
10-04 18:24:32.413  3087  3215 D WindowManager: Add to mViews: android.widget.FrameLayout{710c3b8 V.E...... ......I. 0,0-0,0 alpha=1.0 viewInfo = },pkg= com.yousseffabric.ledger
10-04 18:24:32.414  2198  2626 D OplusAppQuickStart_OplusAppQuickStart: decodeByteArray load bitmapFile: com.yousseffabric.ledger_0_17.webp loadFromDisk: false cost: 11 ms
10-04 18:24:32.414  2198  2626 D OplusAppQuickStart_AppQuickStartingSurface: loadBitmapAndDrawSurface CaptureFile{fileName: com.yousseffabric.ledger_0_17.webp, activityRotation: 0, fileRotation: 0, bitmap: android.graphics.Bitmap@136813[1264x2780]} rect:Rect(0, 0 - 1264, 2780)
10-04 18:24:32.414  2198  2626 D OplusAppQuickStart_AppQuickStartingSurface: loadBitmapAndDrawSurface CaptureFile{fileName: com.yousseffabric.ledger_0_17.webp, activityRotation: 0, fileRotation: 0, bitmap: android.graphics.Bitmap@136813[1264x2780]}, surface: Surface(name=OplusStartingSurface)/@0x8d6f287, @parent:Surface(name=Task=19189)/@0xcd495b4, @request:Task{24810fa #19189 type=standard I=com.yousseffabric.ledger/.MainActivity}Rect(0, 0 - 1264, 2780), @type:2, shared:false
10-04 18:24:32.414  2198  2257 D OplusAppQuickStart_AppQuickStartController: tryFinish ahead for startingSurface ar=ActivityRecord{1e1a3ee u0 com.yousseffabric.ledger/.MainActivity t19189}, syncGroup=39984
10-04 18:24:32.414  2198  2257 D OplusAppQuickStart_AppQuickStartController: showStartingSurface== activityRecord:ActivityRecord{1e1a3ee u0 com.yousseffabric.ledger/.MainActivity t19189}, tx= 9440341910651, mCurrentAppQuickStartingSurfaceOplusAppQuickStartingSurface{mSurfaceControl=Surface(name=OplusStartingSurface)/@0x8d6f287, @parent:Surface(name=Task=19189)/@0xcd495b4, @request:Task{24810fa #19189 type=standard I=com.yousseffabric.ledger/.MainActivity}Rect(0, 0 - 1264, 2780), @type:2, shared:false, mActivityRecord=ActivityRecord{1e1a3ee u0 com.yousseffabric.ledger/.MainActivity t19189}, mTask=Task{24810fa #19189 type=standard I=com.yousseffabric.ledger/.MainActivity}, mStartFromRecents=false, mStartFromSlide=false, mIsMovingToBack=false}
10-04 18:24:32.414  2198  2257 D OplusAppQuickStart_AppQuickStartingSurface: real show: Surface(name=OplusStartingSurface)/@0x8d6f287, @parent:Surface(name=Task=19189)/@0xcd495b4, @request:Task{24810fa #19189 type=standard I=com.yousseffabric.ledger/.MainActivity}Rect(0, 0 - 1264, 2780), @type:2, shared:false reason: onTransactionReady
10-04 18:24:32.414  2198  2257 D ActivityTaskManager: commitVisibility: ActivityRecord{1e1a3ee u0 com.yousseffabric.ledger/.MainActivity t19189}: visible=true visibleRequested=true, isInTransition=true, runningAnimation=true 
10-04 18:24:32.415  2198  2257 D Transition: collectOrderChanges onTopTasksEnd: [Task{24810fa #19189 type=standard I=com.yousseffabric.ledger/.MainActivity}], reportedOnTop:null, mOnTopTasksStart: [Task{24810fa #19189 type=standard I=com.yousseffabric.ledger/.MainActivity}], TDA child: [Task{25e2fa7 #2 type=undefined}, Task{d09356a #19019 type=standard A=10443:com.zhiliaoapp.musically}, Task{70875ee #19029 type=standard A=10354:com.maher4web.quranWarsh}, Task{6a77f27 #19033 type=standard A=10413:com.duokan.phone.remotecontroller}, Task{e8b1213 #19049 type=standard A=10132:com.oppo.gallery3d.app.Gallery}, Task{f37de18 #19032 type=standard A=10527:.sxqegxkaqxrthhbu}, Task{3c229c #19042 type=standard A=10146:com.oplus.camera}, Task{398b7b7 #19064 type=standard A=10286:com.coloros.calculator}, Task{2518ef5 #19039 type=standard A=10457:com.whatsapp.w4b}, Task{be0962d #19133 type=standard A=10356:com.whatsapp}, Task{47d270f #19063 type=standard A=10434:com.redotpay}, Task{435474d #19034 type=standard A=10444:org.telegram.messenger}, Task{9bbd656 #19021 type=standard A=10287:com.coloros.alarmclock}, Task{6d286d9 #19062 type=standard A=10340:com.android.chrome}, Task{891d4c0 #19024 type=standard A=10502:com.truecaller}, Task{1debc89 #19074 type=standard A=10114:com.android.mms}, Task{d614218 #19081 type=standard A=10346:com.facebook.katana}, Task{999084 #19150 type=standard A=10343:com.facebook.orca}, Task{6677ea7 #1 type=home}, Task{24810fa #19189 type=standard I=com.yousseffabric.ledger/.MainActivity}]
10-04 18:24:32.415  2198  2257 D OplusFlexibleActivityTransitionManager: fixTransitType type result:1, targets: [Task{24810fa #19189 type=standard I=com.yousseffabric.ledger/.MainActivity}, Task{6677ea7 #1 type=home}]
10-04 18:24:32.415  2198  2257 D OplusTransitionController:  info: {id=39984 t=OPEN f=0x0 trk=0 r=[0@Point(0, 0)] c=[{WCT{RemoteToken{a733449 Task{24810fa #19189 type=standard I=com.yousseffabric.ledger/.MainActivity}}} m=OPEN f=NONE leash=Surface(name=Task=19189)/@0xcd495b4 sb=Rect(0, 0 - 1264, 2780) eb=Rect(0, 0 - 1264, 2780) d=0 taskParent=-1},{WCT{RemoteToken{281a7ca Task{6677ea7 #1 type=home}}} m=TO_BACK f=SHOW_WALLPAPER leash=Surface(name=Task=1)/@0x2902d3b sb=Rect(0, 0 - 1264, 2780) eb=Rect(0, 0 - 1264, 2780) d=0 taskParent=-1}] extendInfo=[OplusTransitionExtendedInfo{mTmpFinishT=null, mInOplusCompatMode=false, mIsProcessRunning=false, mHasMismatchBoundsTarget=false, mRecentsController=null, mIsTranslucentActivityToHome=false, mAvoidInterceptKeyEventToHome=false, mIsFromHome=true, mParentLeash=null, mIsOplusAnimRes=false, mIsFromOverlay=false, mIsBalAllow=false, mTaskNotInRecent=false, mIsLaunchFromSpruce=false, mIsLaunchFromDrive=false, mAssistScreenShowing=false, mUserIdTransition=0, mInRemoteScene=false, mInPreReady=false, mPreStart=false, mToken=null, mShellApplyToken=null, mRequestTransitionTaskId=19189, mAbortTransitionOnShell=0, mTaskIdStartFromRecents=0, mTransitionId=39984, mFoldChangeType=-1, mAnimStartingPosition=[0, 0, 0, 0], mIsOpeningStkDialogActivity=false, mIsNeedApplyStartTForEmbedded=false}]}, 
10-04 18:24:32.415  2198  2257 D OplusTransitionController:  targets : [Task{24810fa #19189 type=standard I=com.yousseffabric.ledger/.MainActivity}, Task{6677ea7 #1 type=home}], 
10-04 18:24:32.415  2198  2257 D OplusTransitionController:  participants: {ActivityRecord{1e1a3ee u0 com.yousseffabric.ledger/.MainActivity t19189}, Task{24810fa #19189 type=standard I=com.yousseffabric.ledger/.MainActivity}, WallpaperWindowToken{3f98c54 token=android.os.Binder@dbb5235 showWhenLocked=false}, ActivityRecord{6ad4e40 u0 com.android.launcher/.Launcher t5}, WallpaperWindowToken{f26218a token=android.os.Binder@4084e2f showWhenLocked=true}}, 
10-04 18:24:32.419  2198  3509 D ActivityTaskManager: attachStartingWindow: mStartingData=SplashScreenStartingData{d8e9c26 waitForSyncTransactionCommit=true removeAfterTransaction= 0},mStartingWindow=Window{cadc68b u0 Splash Screen com.yousseffabric.ledger}
10-04 18:24:32.420  2198  3509 I WindowManager: addWindow: New client android.os.BinderProxy@6bb945a : window=Window{cadc68b u0 Splash Screen com.yousseffabric.ledger}
10-04 18:24:32.422  2198  3805 I OplusHansManager : onUidActive() update stay time, uid=10565, pkgName=com.yousseffabric.ledger, U stay=92216
10-04 18:24:32.424  2198  2253 V WindowManager: Sent Transition (#39984) createdAt=10-04 18:24:32.389 via request=TransitionRequestInfo { type = OPEN, triggerTask = TaskInfo{userId=0 taskId=19189 displayId=0 isRunning=true baseIntent=Intent { act=android.intent.action.MAIN cat=[android.intent.category.LAUNCHER] flg=0x10200000 cmp=com.yousseffabric.ledger/.MainActivity mCallingUid=10211 } baseActivity=ComponentInfo{com.yousseffabric.ledger/com.yousseffabric.ledger.MainActivity} topActivity=ComponentInfo{com.yousseffabric.ledger/com.yousseffabric.ledger.MainActivity} origActivity=null realActivity=ComponentInfo{com.yousseffabric.ledger/com.yousseffabric.ledger.MainActivity} numActivities=1 lastActiveTime=2214110076 supportsSplitScreenMultiWindow=true supportsMultiWindow=true supportsPocketStudioMultiWindow=true isInFlexibleEmbedded = false uid = 10565 pid = 0 resizeMode=1 isResizeable=true minWidth=-1 minHeight=-1 defaultMinSize=220 token=WCT{RemoteToken{a733449 Task{24810fa #19189 type=standard I=com.yousseffabric.ledger/.MainActivity}}} topActivityType=1 pictureInPictureParams=null shouldDockBigOverlays=false launchIntoPipHostTaskId=-1 lastParentTaskIdBeforePip=-1 displayCutoutSafeInsets=Rect(0, 140 - 0, 0) topActivityInfo=ActivityInfo{61276bd com.yousseffabric.ledger.MainActivity} launchCookies=[android.os.BinderProxy@93854b2] positionInParent=Point(0, 0) parentTaskId=-1 isFocused=false isVisible=false isVisibleRequested=true isSleeping=false locusId=null displayAreaFeatureId=1 isTopActivityTransparent=false appCompatTaskInfo=AppCompatTaskInfo { topActivityInSizeCompat=false topActivityInOplusCompatMode=false topActivityEligibleForLetterboxEducation= falseisLetterboxEducationEnabled= false isLetterboxDoubleTapEnabled= false topActivityEligibleForUserAspectRatioButton= false topActivityBoundsLetterboxed= false isFromLetterboxDoubleTap= false topActivityLetterboxVerticalPosition= -1 topActivityLetterboxHorizontalPosition= -1 topActivityLetterboxWidth=1264 topActivityLetterboxHeight=2780 isUserFullscreenOverrideEnabled=false isSystemFullscreenOverrideEnabled=false cameraCompatTaskInfo=CameraCompatTaskInfo { cameraCompatControlState=hidden freeformCameraCompatMode=inactive}} topActivityLetterboxInsets=Rect(0, 0 - 0, 0) mOplusExtraBundle = Bundle[{androidx.flexible.taskFrame=Rect(0, 0 - 0, 0), androidx.flexible.Alpha=1.0, androidx.activity.task.attach.blur=0, androidx.activity.LaunchInsensible=0, androidx.activity.LaunchCornerRadius=0, key_flexible_task_state=0, topActivitySupportAppInnerSplit=false, key_flexible_task_animating_type=-1, androidx.activity.LaunchScenario=0, flexible_super_mini_state=false, topRunningActivityHash=31564782, androidx.activity.LaunchScale=1.0, androidx.activity.LaunchShadowRadius=0}]}, pipTask = null, remoteTransition = RemoteTransition { remoteTransition = android.window.IRemoteTransition$Stub$Proxy@d5309fe, recentAnimRunner = null, appThread = android.app.IApplicationThread$Stub$Proxy@1dad55f, debugName = QuickstepLaunch }, displayChange = null, flags = 0, debugId = 39984 }
10-04 18:24:32.424  2198  2253 V WindowManager:         {WCT{RemoteToken{a733449 Task{24810fa #19189 type=standard I=com.yousseffabric.ledger/.MainActivity}}} m=OPEN f=NONE leash=Surface(name=Task=19189)/@0xcd495b4 sb=Rect(0, 0 - 1264, 2780) eb=Rect(0, 0 - 1264, 2780) d=0 taskParent=-1},
10-04 18:24:32.425  3338  3338 I [UAH_CLIENT]: UahEventAcquire, cmdid:85, pkg:com.yousseffabric.ledger, identity:GpuBoost
10-04 18:24:32.427  3087  3215 D ViewRootImplExtImpl: wrapConfigInfoIntoFlags rotation=0, smallestScreenWidthDp=0, residentWS=false, scenario=0, bounds=Rect(0, 0 - 1264, 2780), relayoutAsync=false, flags=0, newFlags=1457520640, title=Splash Screen com.yousseffabric.ledger
10-04 18:24:32.427  2198  3837 D CoreBackPreview: Window{cadc68b u0 Splash Screen com.yousseffabric.ledger}: Setting back callback OnBackInvokedCallbackInfo{mCallback=android.window.IOnBackInvokedCallback$Stub$Proxy@801687b, mPriority=0, mIsAnimationCallback=false}
10-04 18:24:32.427  2198  6136 D WindowManagerServiceExtImpl: extractConfigInfoAndRealFlags rotation=0, screenDp=0, residentWS:0, scenario:0, bounds:2780, serverWinBounds:Rect(0, 0 - 1264, 2780), win=Window{cadc68b u0 Splash Screen com.yousseffabric.ledger}
10-04 18:24:32.427  2198  6136 V WindowManager: Relayout Window{cadc68b u0 Splash Screen com.yousseffabric.ledger}: viewVisibility=0, oldvis=0, req=1264x2780, vsysui=, x=0, y=0
10-04 18:24:32.427  2198  6136 I WindowManager: Window{cadc68b u0 Splash Screen com.yousseffabric.ledger} state from NO_SURFACE to DRAW_PENDING; reason: resetDrawState
10-04 18:24:32.427  1450  1558 D OplusLayer: setProcInfo (479354,Splash Screen com.yousseffabric.ledger#479354,com.android.systemui,0x4578D52F)
10-04 18:24:32.432  3087  3215 I SurfaceControl:  setExtendedRangeBrightness sc=Surface(name=Splash Screen com.yousseffabric.ledger)/@0xe4d5339,currentBufferRatio=1.0,desiredRatio=1.0
10-04 18:24:32.436  2198  6136 I WindowManager: Window{cadc68b u0 Splash Screen com.yousseffabric.ledger} state from DRAW_PENDING to COMMIT_DRAW_PENDING; reason: finishDrawingLocked
10-04 18:24:32.436  2198  6136 D OplusTransitionAnimationManager: skipFinishDrawingIfNeed clientRotation=0, currentRotation=0, hasFixedRotationApp=false, requestedOrientation=-1, win=Window{cadc68b u0 Splash Screen com.yousseffabric.ledger}, activity=ActivityRecord{1e1a3ee u0 com.yousseffabric.ledger/.MainActivity t19189}, currentConfig={1.0 ??mcc??mnc [en_US] ldltr sw361dp w361dp h794dp 560dpi nrml long hdr widecg port finger -keyb/v/h -nav/h winConfig={ mBounds=Rect(0, 0 - 1264, 2780) mAppBounds=Rect(0, 0 - 1264, 2780) mMaxBounds=Rect(0, 0 - 1264, 2780) mDisplayRotation=ROTATION_0 mWindowingMode=fullscreen mActivityType=standard mAlwaysOnTop=undefined mRotation=ROTATION_0} s.2 fontWeightAdjustment=0mThemeChanged= 0, mThemeChangedFlags= 0, mFlipFont= 0, mScenario= 0, mAccessibleChanged= -1, mUxIconConfig= 1164767505773232160, mMaterialColor= 0, mUserId= 0, mFontUserId= 0, mFontVariationSettings= 1226, mFoldingAngle = -1.0, mIconPackName= , mDarkModeBackgroundMaxL= 0.0, mDarkModeDialogBgMaxL= 27.0, mDarkModeForegroundMinL= 100.0, mOplusConfigType= 1, mOplusChangedConfigs= 0, OpSans= -1, mBurmeseFontFlag= 2, mFlag= 0, mExtraFlag= 0, mFlexibleActivitySuitable= -1, mPuttDisplayFlag= -1}
10-04 18:24:32.437  2198  2257 I WindowManager: Window{cadc68b u0 Splash Screen com.yousseffabric.ledger} state from COMMIT_DRAW_PENDING to READY_TO_SHOW; reason: commitFinishDrawingLocked
10-04 18:24:32.437  2198  2257 D OplusAppQuickStart_OplusAppQuickStart: isInRemoteInterrupt isInInterruptScene:false, recents=null, ar=ActivityRecord{1e1a3ee u0 com.yousseffabric.ledger/.MainActivity t19189}
10-04 18:24:32.437  2198  2257 D OplusAppQuickStart_OplusAppQuickStart: shouldDoCapture result=true, isValidFile=true, isForceDoCapturePackage=false, isStartFromSecondaryPage=false, reason=startingWindowDrawn, capBitmapFile=/data/system/splash/com.yousseffabric.ledger_0_17.webp, lastModify: 1759337302077, fileSize=17838
10-04 18:24:32.437  2198  2257 D OplusAppQuickStart_AppQuickStartController: hideStartingSurface OplusAppQuickStartingSurface{mSurfaceControl=Surface(name=OplusStartingSurface)/@0x8d6f287, @parent:Surface(name=Task=19189)/@0xcd495b4, @request:Task{24810fa #19189 type=standard I=com.yousseffabric.ledger/.MainActivity}Rect(0, 0 - 1264, 2780), @type:2, shared:false, mActivityRecord=ActivityRecord{1e1a3ee u0 com.yousseffabric.ledger/.MainActivity t19189}, mTask=Task{24810fa #19189 type=standard I=com.yousseffabric.ledger/.MainActivity}, mStartFromRecents=false, mStartFromSlide=false, mIsMovingToBack=false}
10-04 18:24:32.437  2198  2257 D OplusAppQuickStart_AppQuickStartingSurface: hideStartingSurfaceImmediately fromReason=startingWindowDrawn, OplusAppQuickStartingSurface{mSurfaceControl=Surface(name=OplusStartingSurface)/@0x8d6f287, @parent:Surface(name=Task=19189)/@0xcd495b4, @request:Task{24810fa #19189 type=standard I=com.yousseffabric.ledger/.MainActivity}Rect(0, 0 - 1264, 2780), @type:2, shared:false, mActivityRecord=ActivityRecord{1e1a3ee u0 com.yousseffabric.ledger/.MainActivity t19189}, mTask=Task{24810fa #19189 type=standard I=com.yousseffabric.ledger/.MainActivity}, mStartFromRecents=false, mStartFromSlide=false, mIsMovingToBack=false}, tx= 9440341905100
10-04 18:24:32.437  2198  2257 D OplusAppQuickStart_AppQuickStartController: associateStartingWindowWithTask activity:ActivityRecord{1e1a3ee u0 com.yousseffabric.ledger/.MainActivity t19189}
10-04 18:24:32.437  2198  2257 I WindowManager: Window{cadc68b u0 Splash Screen com.yousseffabric.ledger} state from READY_TO_SHOW to HAS_DRAWN; reason: performShowLocked
10-04 18:24:32.440  2198  2274 I ActivityManager: Start proc 12645:com.yousseffabric.ledger/u0a565 for top-activity {com.yousseffabric.ledger/com.yousseffabric.ledger.MainActivity}
10-04 18:24:32.441  2198  3637 I OPM     : handleProcessStart : ProcessRecord{8fb8b77 12645:com.yousseffabric.ledger/u0a565}
10-04 18:24:32.441  2198  2257 I WindowStateExtImpl: onSurfaceShowChange show = true mPackageName = com.yousseffabric.ledger parentPkgName = com.yousseffabric.ledger
10-04 18:24:32.442  2198  2257 E OplusAppQuickStart_AppQuickStartController: notifyStartingWindowDrawn addAfterPrepareSurface for:ActivityRecord{1e1a3ee u0 com.yousseffabric.ledger/.MainActivity
10-04 18:24:32.468  2198  2253 D SensorServiceExtImpl: notifyApplicationLaunchStage processName=com.yousseffabric.ledger, uid=10565, pid=12645, stage=1
10-04 18:24:32.468  2198  3837 D SplitScreenAppReader: SPLIT_TOUCH support check:com.yousseffabric.ledger = false
10-04 18:24:32.468  2198  3837 D ResourcesManagerCache: For package com.yousseffabric.ledger we got cacheList [null] appInfoExt is null ? false hasFeature ? false
10-04 18:24:32.468  2198  3837 D VRR [OPlusExternalRefreshRateManager]: isPkgTfcEnable: pkgName = com.yousseffabric.ledger, enable = false
10-04 18:24:32.468  2198  3837 D VRR [OPlusExternalRefreshRateManager]: getTfcMinFramerate: pkgName = com.yousseffabric.ledger, min framerate = 0
10-04 18:24:32.471  2198  3837 D OplusDexOptimizeManager: basepath == oldPackagePath! com.yousseffabric.ledger
10-04 18:24:32.471  2198  3837 D ColorDisplayServiceExtImpl: getWCGVersion1App, packageName=com.yousseffabric.ledger, sSupportWCG1 = true, sSupportWCG3 = false, nRet = 0
10-04 18:24:32.472  2198  3837 D ActivityTaskManager: onWindowFocusChanged Task{24810fa #19189 type=standard I=com.yousseffabric.ledger/.MainActivity} would transfer to compact
10-04 18:24:32.472  2198  2268 I UserAwareMgr: handleTopAppChanged: com.yousseffabric.ledger, pid: 12645, uid: 10565
10-04 18:24:32.472  2198  3837 I InputDispatcher: setFocusedApplication displayId=0 ActivityRecord{1e1a3ee u0 com.yousseffabric.ledger/.MainActivity t19189}
10-04 18:24:32.472  2198  3837 D ActivityTaskManager: NFW_setLastResumedActivityUncheckLocked:true r:ActivityRecord{1e1a3ee u0 com.yousseffabric.ledger/.MainActivity t19189} currentFocus:null
10-04 18:24:32.472  2198  3837 D FlexibleTaskController: onTaskFocusChanged prevTask:Task{f29b059 #5 type=undefined I=com.android.launcher/.Launcher} ,currentTask:Task{24810fa #19189 type=standard I=com.yousseffabric.ledger/.MainActivity}, reason: realStartActivityLocked - onActivityStateChanged
10-04 18:24:32.472  2198  3837 D OplusFlexibleDCSManager: onNextPkgChanged pkg = com.yousseffabric.ledger
10-04 18:24:32.472  2198  3837 I OplusAppSwitchManagerService: appswitch hasProcess ActivityRecord{1e1a3ee u0 com.yousseffabric.ledger/.MainActivity t19189}
10-04 18:24:32.472  2198  2927 I [UAH_CLIENT]: UahEventAcquire, cmdid:0, pkg:com.yousseffabric.ledger, identity:com.android.server.wm
10-04 18:24:32.473  2198  3837 I OplusAppSwitchManagerService: appswitch hasProcess ActivityRecord{1e1a3ee u0 com.yousseffabric.ledger/.MainActivity t19189}
10-04 18:24:32.473  2198  3837 I PowerHalWrapper: amsBoostNotify pid:12645,activity:com.yousseffabric.ledger.MainActivity, package:com.yousseffabric.ledger, mProcessCreatePackcom.yousseffabric.ledger 
10-04 18:24:32.473  2198  3837 I mtkpower_client: [PowerHal_Wrap_notifyAppState] com.yousseffabric.ledger/com.yousseffabric.ledger.MainActivity pid=12645 activityId:31564782 state:1
10-04 18:24:32.473  2198  3837 D MAGT_SYNC_FRAME: MAGT App State [NOTIFY]: package = com.yousseffabric.ledger, action = com.yousseffabric.ledger.MainActivity, pid = 12645, state = 1, uid = 10565
10-04 18:24:32.474  1335  1335 I vendor.mediatek.hardware.mtkpower_applist-service.mediatek: packName: com.yousseffabric.ledger actName: com.yousseffabric.ledger.MainActivity pid: 12645 uid: 10565 state: 1
10-04 18:24:32.474  1335  1335 I MTK_APPList: [notifyAPPstate] com.yousseffabric.ledger/com.yousseffabric.ledger.MainActivity, pid=12645, uid=10565, state:RESUMED, fps:120, win:0
10-04 18:24:32.474  1335  1335 I MTK_APPList: [notifyAPPstate] multi_resumed_app_info[0] com.yousseffabric.ledger/com.yousseffabric.ledger.MainActivity, pid:12645, fps:120, isMultiWindow:0
10-04 18:24:32.474  1335  1335 I MTK_APPList: [notifyAPPstate] foreground:com.yousseffabric.ledger, pid:12645, uid:10565
10-04 18:24:32.475  2198  2256 D OplusKeepAliveManager: TOP_APP is ProcessRecord{8fb8b77 12645:com.yousseffabric.ledger/u0a565} uid is 10565
10-04 18:24:32.475  1335  1335 I MTK_APPList: [notifyAPPstate] pc:0, com.android.launcher => com.yousseffabric.ledger
10-04 18:24:32.477  4499  8253 D MssPanelHelper: FOREGROUND_ACTIVITIES_CHANGED package: com.yousseffabric.ledger hasForegroundActivities: 1
10-04 18:24:32.478  1407 30025 D AudioFlingerExtImpl: AudioFlingerExtImpl oplusSetParameters: keyvalue onForegroundActivitiesChanged=com.yousseffabric.ledger:foreground:1|10565:12645
10-04 18:24:32.478  1407 30025 D AudioFlingerExtImpl: updateForegroundInfo, mapInf mForegroundMap(1)|[com.yousseffabric.ledger]=1, uidPidMapInf mForegroundUidPidMap(1)|[10565]=12645
10-04 18:24:32.479  1680 20346 D HoloAudio::SpecailizerPLService_Aidl: getMssEnable --- com.yousseffabric.ledger[0]
10-04 18:24:32.479  2198  3637 I OPM     : handlePackageLaunched pkg: com.yousseffabric.ledger, uid: 10565, pid: 12645
10-04 18:24:32.481  2198  2302 D OplusAppSwitchListener: Detect com.yousseffabric.ledger switch to foreground
10-04 18:24:32.482  2198  2282 E OplusThermalStats: Error getting package info: com.yousseffabric.ledger
10-04 18:24:32.486  1289  1309 I statsd  : An anomaly (104240000001) (42)0x10000->10565[I] (42)0x20000->com.yousseffabric.ledger[S] (42)0x30000->.MainActivity[S]  has occurred! Informing subscribers.
10-04 18:24:32.487 12645 12645 D nativeloader: Configuring clns-7 for other apk /data/app/~~WZIeSFA76vWfiNU5CtlM4g==/com.yousseffabric.ledger-3A-U0KX5GiBvCaW5f5dJ1w==/base.apk. target_sdk_version=36, uses_libraries=, library_path=/data/app/~~WZIeSFA76vWfiNU5CtlM4g==/com.yousseffabric.ledger-3A-U0KX5GiBvCaW5f5dJ1w==/lib/arm64:/data/app/~~WZIeSFA76vWfiNU5CtlM4g==/com.yousseffabric.ledger-3A-U0KX5GiBvCaW5f5dJ1w==/base.apk!/lib/arm64-v8a, permitted_path=/data:/mnt/expand:/data/user/0/com.yousseffabric.ledger
10-04 18:24:32.495  4605 14525 I midasd  : app forground called:com.yousseffabric.ledger
